---
source: tests/models/animals.rs
assertion_line: 74
expression: result
---
Ok(
    [],
)
